2026-05-22 14:04:42 [INFO] Iniciando emissão de CND para o CNPJ: 18951832000159
2026-05-22 14:04:42 [INFO] Acessando o portal do Gov.br...
2026-05-22 14:04:49 [INFO] Acessando o sistema de certidões da Receita Federal...
2026-05-22 14:04:56 [INFO] Digitando o CNPJ...
2026-05-22 14:05:06 [INFO] Aguardando gatilho de download da certidão...
2026-05-22 14:09:52 [INFO] Iniciando emissão de CND para o CNPJ: 59273714000116
2026-05-22 14:09:52 [INFO] Acessando o portal do Gov.br...
2026-05-22 14:09:59 [INFO] Acessando o sistema de certidões da Receita Federal...
2026-05-22 14:10:06 [INFO] Digitando o CNPJ...
2026-05-22 14:10:16 [INFO] Aguardando gatilho de download da certidão...
2026-05-22 14:10:46 [ERROR] Erro durante a emissão da CND: Timeout 30000ms exceeded while waiting for event "download"
=========================== logs ===========================
waiting for event "download"
============================================================
2026-05-22 14:10:46 [ERROR] Falha crítica no Use Case: Timeout 30000ms exceeded while waiting for event "download"
=========================== logs ===========================
waiting for event "download"
============================================================
2026-05-22 14:10:47 [INFO] O tempo de execução de 'emitir_cnd_receita' foi: 56.5771 segundos

2026-05-22 14:12:58 [INFO] Iniciando emissão de CND para o CNPJ: 59273714000469
2026-05-22 14:12:58 [INFO] Acessando o portal do Gov.br...
2026-05-22 14:13:05 [INFO] Acessando o sistema de certidões da Receita Federal...
2026-05-22 14:13:12 [INFO] Digitando o CNPJ...
2026-05-22 14:13:23 [INFO] Aguardando gatilho de download da certidão...
2026-05-22 14:13:53 [ERROR] Erro durante a emissão da CND: Locator.click: Timeout 30000ms exceeded.
Call log:
  - waiting for get_by_role("button", name="Emitir Nova Certidão")

2026-05-22 14:13:53 [ERROR] Falha crítica no Use Case: Locator.click: Timeout 30000ms exceeded.
Call log:
  - waiting for get_by_role("button", name="Emitir Nova Certidão")

2026-05-22 14:13:53 [INFO] O tempo de execução de 'emitir_cnd_receita' foi: 57.9729 segundos

2026-05-22 14:19:21 [INFO] Iniciando emissão de CND para o CNPJ: 57643645000402
2026-05-22 14:19:21 [INFO] Acessando o portal do Gov.br...
2026-05-22 14:19:28 [INFO] Acessando o sistema de certidões da Receita Federal...
2026-05-22 14:19:35 [INFO] Digitando o CNPJ...
2026-05-22 14:19:46 [WARNING] Emissão bloqueada: CNPJ deve ser o CNPJ da matriz.
2026-05-22 14:19:46 [INFO] O tempo de execução de 'emitir_cnd_receita' foi: 26.5707 segundos

2026-05-22 14:20:30 [INFO] Iniciando emissão de CND para o CNPJ: 40630889000105
2026-05-22 14:20:30 [INFO] Acessando o portal do Gov.br...
2026-05-22 14:20:37 [INFO] Acessando o sistema de certidões da Receita Federal...
2026-05-22 14:20:44 [INFO] Digitando o CNPJ...
2026-05-22 14:20:55 [INFO] Aguardando gatilho de download da certidão...
2026-05-22 14:21:01 [INFO] Download detectado: Certidao-40630889000105.pdf
2026-05-22 14:21:01 [INFO] Sucesso! Certificado gravado em: C:\Users\w7desenv.TPRIME030\PycharmProjects\grpacore_v2.0.0.20260504\automations\receitafederal\use_cases\certidaos\cnd_receita_40630889000105.pdf
2026-05-22 14:21:01 [INFO] O tempo de execução de 'emitir_cnd_receita' foi: 33.2534 segundos

